seed   0  truth +14.78%  naive  -4.78%  bias -19.56pp  reversal=1
seed   1  truth +15.52%  naive  -0.69%  bias -16.21pp  reversal=1
seed   2  truth +16.43%  naive  +2.48%  bias -13.96pp  reversal=0
seed   3  truth +17.25%  naive  -0.27%  bias -17.52pp  reversal=1
seed   4  truth +11.74%  naive  +0.08%  bias -11.65pp  reversal=0
seed   5  truth +14.55%  naive  -0.30%  bias -14.84pp  reversal=1
seed   6  truth +14.17%  naive  +1.38%  bias -12.79pp  reversal=0
seed   7  truth +12.07%  naive  -2.01%  bias -14.08pp  reversal=1
seed   8  truth +16.86%  naive  -2.56%  bias -19.41pp  reversal=1
seed   9  truth  +9.40%  naive  +2.54%  bias  -6.86pp  reversal=0
seed  10  truth +14.88%  naive  +5.49%  bias  -9.39pp  reversal=0
seed  11  truth +16.48%  naive  -0.08%  bias -16.57pp  reversal=1
seed  12  truth +15.60%  naive  +3.40%  bias -12.20pp  reversal=0
seed  13  truth +12.71%  naive  -0.84%  bias -13.55pp  reversal=1
seed  14  truth +14.14%  naive  +8.00%  bias  -6.14pp  reversal=0
seed  15  truth +15.53%  naive  -0.59%  bias -16.12pp  reversal=1
seed  16  truth +11.80%  naive  -0.20%  bias -12.01pp  reversal=1
seed  17  truth +18.65%  naive  +5.80%  bias -12.85pp  reversal=0
seed  18  truth +12.92%  naive  -0.44%  bias -13.36pp  reversal=1
seed  19  truth +12.70%  naive  -0.24%  bias -12.94pp  reversal=1
seed  20  truth +14.90%  naive  +6.65%  bias  -8.26pp  reversal=0
seed  21  truth +11.81%  naive  -2.32%  bias -14.13pp  reversal=1
seed  22  truth +16.35%  naive  +1.23%  bias -15.13pp  reversal=0
seed  23  truth +18.46%  naive  +1.26%  bias -17.20pp  reversal=0
seed  24  truth +12.10%  naive  +1.15%  bias -10.95pp  reversal=0
seed  25  truth +11.87%  naive  +2.75%  bias  -9.12pp  reversal=0
seed  26  truth +18.00%  naive  -2.39%  bias -20.39pp  reversal=1
seed  27  truth +11.42%  naive  +2.89%  bias  -8.53pp  reversal=0
seed  28  truth +12.47%  naive  +1.14%  bias -11.32pp  reversal=0
seed  29  truth +13.95%  naive  +6.64%  bias  -7.31pp  reversal=0
seed  30  truth +15.52%  naive  +5.99%  bias  -9.53pp  reversal=0
seed  31  truth +17.00%  naive  +2.20%  bias -14.80pp  reversal=0
seed  32  truth +17.27%  naive  +4.99%  bias -12.28pp  reversal=0
seed  33  truth +17.38%  naive  +5.30%  bias -12.08pp  reversal=0
seed  34  truth +13.26%  naive  +3.75%  bias  -9.51pp  reversal=0
seed  35  truth +15.34%  naive  -1.25%  bias -16.58pp  reversal=1
seed  36  truth +12.22%  naive  -2.83%  bias -15.04pp  reversal=1
seed  37  truth +18.04%  naive  +6.00%  bias -12.04pp  reversal=0
seed  38  truth +15.80%  naive  +0.54%  bias -15.26pp  reversal=0
seed  39  truth +16.03%  naive  +2.18%  bias -13.86pp  reversal=0
seed  40  truth +13.81%  naive  -1.39%  bias -15.21pp  reversal=1
seed  41  truth +13.83%  naive  -1.30%  bias -15.13pp  reversal=1
seed  42  truth +12.37%  naive  +1.14%  bias -11.23pp  reversal=0
seed  43  truth +12.64%  naive  -1.88%  bias -14.52pp  reversal=1
seed  44  truth +16.25%  naive  +3.88%  bias -12.37pp  reversal=0
seed  45  truth +16.21%  naive  -0.34%  bias -16.56pp  reversal=1
seed  46  truth +15.55%  naive  +4.56%  bias -10.99pp  reversal=0
seed  47  truth +13.85%  naive  +1.29%  bias -12.56pp  reversal=0
seed  48  truth +14.31%  naive  +1.30%  bias -13.01pp  reversal=0
seed  49  truth +12.86%  naive  -3.71%  bias -16.56pp  reversal=1
seed  50  truth +14.77%  naive  -1.14%  bias -15.91pp  reversal=1
seed  51  truth +13.56%  naive  -3.83%  bias -17.39pp  reversal=1
seed  52  truth +16.70%  naive  -3.07%  bias -19.77pp  reversal=1
seed  53  truth +15.61%  naive  +2.19%  bias -13.43pp  reversal=0
seed  54  truth +16.41%  naive  +1.53%  bias -14.88pp  reversal=0
seed  55  truth +14.41%  naive  +5.06%  bias  -9.35pp  reversal=0
seed  56  truth +13.96%  naive  +6.07%  bias  -7.88pp  reversal=0
seed  57  truth +15.86%  naive  -1.45%  bias -17.31pp  reversal=1
seed  58  truth +15.37%  naive  +3.28%  bias -12.09pp  reversal=0
seed  59  truth +13.62%  naive  -2.47%  bias -16.10pp  reversal=1
seed  60  truth +14.24%  naive  -1.74%  bias -15.98pp  reversal=1
seed  61  truth +15.07%  naive  -1.42%  bias -16.50pp  reversal=1
seed  62  truth +10.29%  naive  +0.48%  bias  -9.81pp  reversal=0
seed  63  truth +14.26%  naive  +5.51%  bias  -8.75pp  reversal=0
seed  64  truth +14.34%  naive  -0.20%  bias -14.54pp  reversal=1
seed  65  truth +17.69%  naive  +4.31%  bias -13.38pp  reversal=0
seed  66  truth +18.80%  naive  +2.07%  bias -16.73pp  reversal=0
seed  67  truth +14.57%  naive  +1.04%  bias -13.53pp  reversal=0
seed  68  truth +17.40%  naive  +4.10%  bias -13.30pp  reversal=0
seed  69  truth +13.80%  naive  +3.69%  bias -10.11pp  reversal=0
seed  70  truth +14.15%  naive  +0.91%  bias -13.23pp  reversal=0
seed  71  truth +13.89%  naive  -2.22%  bias -16.11pp  reversal=1
seed  72  truth +18.34%  naive  -1.43%  bias -19.77pp  reversal=1
seed  73  truth +13.09%  naive  -1.94%  bias -15.03pp  reversal=1
seed  74  truth +11.79%  naive  +2.26%  bias  -9.53pp  reversal=0
seed  75  truth +13.33%  naive  +0.23%  bias -13.10pp  reversal=0
seed  76  truth +16.08%  naive  -1.23%  bias -17.31pp  reversal=1
seed  77  truth +18.12%  naive  -3.02%  bias -21.14pp  reversal=1
seed  78  truth +16.27%  naive  +1.07%  bias -15.20pp  reversal=0
seed  79  truth +14.94%  naive  -6.41%  bias -21.35pp  reversal=1
seed  80  truth +12.71%  naive  -0.91%  bias -13.61pp  reversal=1
seed  81  truth +16.14%  naive  -1.37%  bias -17.51pp  reversal=1
seed  82  truth +13.34%  naive  +1.74%  bias -11.60pp  reversal=0
seed  83  truth +14.75%  naive  +0.55%  bias -14.19pp  reversal=0
seed  84  truth +14.64%  naive  +4.51%  bias -10.13pp  reversal=0
seed  85  truth +15.10%  naive  +1.47%  bias -13.62pp  reversal=0
seed  86  truth +17.49%  naive  +4.24%  bias -13.25pp  reversal=0
seed  87  truth +14.45%  naive  +0.29%  bias -14.16pp  reversal=0
seed  88  truth +12.65%  naive  +0.18%  bias -12.47pp  reversal=0
seed  89  truth +14.70%  naive  +2.39%  bias -12.31pp  reversal=0
seed  90  truth +14.15%  naive  +0.97%  bias -13.18pp  reversal=0
seed  91  truth +12.88%  naive  +3.05%  bias  -9.83pp  reversal=0
seed  92  truth +13.36%  naive  -3.31%  bias -16.67pp  reversal=1
seed  93  truth +12.63%  naive  +6.06%  bias  -6.57pp  reversal=0
seed  94  truth +14.68%  naive  +4.25%  bias -10.43pp  reversal=0
seed  95  truth +12.09%  naive  -3.96%  bias -16.05pp  reversal=1
seed  96  truth +17.97%  naive  +2.31%  bias -15.66pp  reversal=0
seed  97  truth +13.13%  naive  +2.00%  bias -11.13pp  reversal=0
seed  98  truth +15.14%  naive  +2.47%  bias -12.66pp  reversal=0
seed  99  truth +17.23%  naive  +3.00%  bias -14.22pp  reversal=0
seed 100  truth +11.59%  naive  +1.75%  bias  -9.85pp  reversal=0
seed 101  truth +13.08%  naive  +7.29%  bias  -5.79pp  reversal=0
seed 102  truth +14.55%  naive  +0.62%  bias -13.93pp  reversal=0
seed 103  truth +12.14%  naive  +4.71%  bias  -7.43pp  reversal=0
seed 104  truth +18.09%  naive  -0.35%  bias -18.45pp  reversal=1
seed 105  truth  +9.07%  naive  -1.04%  bias -10.12pp  reversal=1
seed 106  truth +13.57%  naive  +1.72%  bias -11.85pp  reversal=0
seed 107  truth +12.56%  naive  +6.68%  bias  -5.88pp  reversal=0
seed 108  truth +15.17%  naive  -0.98%  bias -16.15pp  reversal=1
seed 109  truth +13.54%  naive  -2.31%  bias -15.85pp  reversal=1
seed 110  truth +13.09%  naive  -1.15%  bias -14.23pp  reversal=1
seed 111  truth +17.17%  naive  -0.61%  bias -17.78pp  reversal=1
seed 112  truth +15.20%  naive  -0.07%  bias -15.27pp  reversal=1
seed 113  truth +12.48%  naive  +4.93%  bias  -7.55pp  reversal=0
seed 114  truth +12.41%  naive  -0.21%  bias -12.62pp  reversal=1
seed 115  truth +10.56%  naive  -0.26%  bias -10.82pp  reversal=1
seed 116  truth +14.74%  naive  +0.80%  bias -13.94pp  reversal=0
seed 117  truth +16.57%  naive  +5.36%  bias -11.21pp  reversal=0
seed 118  truth +15.35%  naive  +0.15%  bias -15.20pp  reversal=0
seed 119  truth +18.22%  naive  -1.67%  bias -19.89pp  reversal=1
seed 120  truth +14.77%  naive  +0.13%  bias -14.64pp  reversal=0
seed 121  truth +16.18%  naive  -1.73%  bias -17.91pp  reversal=1
seed 122  truth +13.13%  naive  +6.61%  bias  -6.52pp  reversal=0
seed 123  truth +16.82%  naive  +4.83%  bias -12.00pp  reversal=0
seed 124  truth +15.69%  naive  -1.41%  bias -17.10pp  reversal=1
seed 125  truth +12.00%  naive  +1.74%  bias -10.26pp  reversal=0
seed 126  truth +12.89%  naive  +1.40%  bias -11.49pp  reversal=0
seed 127  truth +16.76%  naive  +5.86%  bias -10.90pp  reversal=0
seed 128  truth +15.14%  naive  -0.22%  bias -15.36pp  reversal=1
seed 129  truth +16.79%  naive  +0.88%  bias -15.91pp  reversal=0
seed 130  truth +15.27%  naive  -0.40%  bias -15.66pp  reversal=1
seed 131  truth +13.50%  naive  -1.27%  bias -14.78pp  reversal=1
seed 132  truth +15.56%  naive  +6.70%  bias  -8.87pp  reversal=0
seed 133  truth +13.15%  naive  +0.13%  bias -13.02pp  reversal=0
seed 134  truth +16.74%  naive  +5.22%  bias -11.51pp  reversal=0
seed 135  truth +14.76%  naive  +9.61%  bias  -5.15pp  reversal=0
seed 136  truth +12.76%  naive  +3.96%  bias  -8.80pp  reversal=0
seed 137  truth +19.46%  naive  -1.30%  bias -20.77pp  reversal=1
seed 138  truth +12.54%  naive  +0.52%  bias -12.02pp  reversal=0
seed 139  truth +16.33%  naive  +5.97%  bias -10.36pp  reversal=0
seed 140  truth +14.26%  naive  +2.40%  bias -11.86pp  reversal=0
seed 141  truth +16.86%  naive  +0.17%  bias -16.69pp  reversal=0
seed 142  truth +14.66%  naive  +5.84%  bias  -8.82pp  reversal=0
seed 143  truth +13.86%  naive  +1.99%  bias -11.87pp  reversal=0
seed 144  truth +11.59%  naive  -0.26%  bias -11.85pp  reversal=1
seed 145  truth +12.29%  naive  -0.69%  bias -12.98pp  reversal=1
seed 146  truth +14.50%  naive  +5.56%  bias  -8.94pp  reversal=0
seed 147  truth +19.66%  naive  -1.64%  bias -21.30pp  reversal=1
seed 148  truth +15.08%  naive  -5.69%  bias -20.77pp  reversal=1
seed 149  truth +19.03%  naive  +6.21%  bias -12.81pp  reversal=0
seed 150  truth +11.27%  naive  -2.55%  bias -13.82pp  reversal=1
seed 151  truth +14.25%  naive  +4.73%  bias  -9.51pp  reversal=0
seed 152  truth +11.90%  naive  +5.31%  bias  -6.60pp  reversal=0
seed 153  truth +15.81%  naive  +3.61%  bias -12.21pp  reversal=0
seed 154  truth +12.77%  naive  +5.02%  bias  -7.76pp  reversal=0
seed 155  truth +12.49%  naive  -6.36%  bias -18.85pp  reversal=1
seed 156  truth +12.00%  naive  +4.44%  bias  -7.56pp  reversal=0
seed 157  truth +15.39%  naive  +4.40%  bias -10.99pp  reversal=0
seed 158  truth +11.86%  naive  +0.96%  bias -10.90pp  reversal=0
seed 159  truth +15.05%  naive  +0.29%  bias -14.76pp  reversal=0
seed 160  truth +14.05%  naive  -0.02%  bias -14.08pp  reversal=1
seed 161  truth +13.40%  naive  +2.01%  bias -11.39pp  reversal=0
seed 162  truth +13.28%  naive  -1.29%  bias -14.57pp  reversal=1
seed 163  truth +16.22%  naive  -1.44%  bias -17.65pp  reversal=1
seed 164  truth +14.87%  naive  +0.76%  bias -14.11pp  reversal=0
seed 165  truth +13.72%  naive  -1.22%  bias -14.94pp  reversal=1
seed 166  truth +13.46%  naive  +0.35%  bias -13.11pp  reversal=0
seed 167  truth +12.01%  naive  +3.82%  bias  -8.20pp  reversal=0
seed 168  truth +16.44%  naive  -0.24%  bias -16.68pp  reversal=1
seed 169  truth +13.65%  naive  +0.72%  bias -12.93pp  reversal=0
seed 170  truth +17.95%  naive  +1.57%  bias -16.38pp  reversal=0
seed 171  truth +12.83%  naive  +0.74%  bias -12.08pp  reversal=0
seed 172  truth +20.47%  naive  -4.82%  bias -25.28pp  reversal=1
seed 173  truth +13.38%  naive  +0.08%  bias -13.30pp  reversal=0
seed 174  truth +15.26%  naive  +0.61%  bias -14.65pp  reversal=0
seed 175  truth +17.93%  naive  -0.38%  bias -18.32pp  reversal=1
seed 176  truth +12.60%  naive  +1.23%  bias -11.38pp  reversal=0
seed 177  truth +15.66%  naive  -0.99%  bias -16.65pp  reversal=1
seed 178  truth +17.64%  naive  +6.90%  bias -10.74pp  reversal=0
seed 179  truth +12.44%  naive  +3.52%  bias  -8.92pp  reversal=0
seed 180  truth +17.29%  naive  +4.37%  bias -12.92pp  reversal=0
seed 181  truth +14.47%  naive  -4.08%  bias -18.56pp  reversal=1
seed 182  truth +15.39%  naive  +2.34%  bias -13.05pp  reversal=0
seed 183  truth +16.77%  naive  +3.67%  bias -13.09pp  reversal=0
seed 184  truth +18.63%  naive  +4.57%  bias -14.06pp  reversal=0
seed 185  truth +12.21%  naive  +1.81%  bias -10.41pp  reversal=0
seed 186  truth +16.46%  naive  -1.75%  bias -18.21pp  reversal=1
seed 187  truth +13.41%  naive  +0.18%  bias -13.22pp  reversal=0
seed 188  truth +14.98%  naive  -3.21%  bias -18.18pp  reversal=1
seed 189  truth +13.07%  naive  +0.46%  bias -12.61pp  reversal=0
seed 190  truth +17.98%  naive  -0.05%  bias -18.02pp  reversal=1
seed 191  truth +10.82%  naive  +6.74%  bias  -4.08pp  reversal=0
seed 192  truth +15.64%  naive  +5.28%  bias -10.36pp  reversal=0
seed 193  truth +15.22%  naive  +1.77%  bias -13.44pp  reversal=0
seed 194  truth +16.31%  naive  +3.84%  bias -12.47pp  reversal=0
seed 195  truth +15.25%  naive  +4.04%  bias -11.21pp  reversal=0
seed 196  truth +14.39%  naive  -0.28%  bias -14.67pp  reversal=1
seed 197  truth +12.98%  naive  -1.29%  bias -14.27pp  reversal=1
seed 198  truth +12.85%  naive  +1.89%  bias -10.96pp  reversal=0
seed 199  truth +14.71%  naive  +2.15%  bias -12.56pp  reversal=0

==============================================================================
MATLAB PIPELINE — 200 seeds, N=2000 per arm-cohort
==============================================================================
quantity            mean      SD    MCSE   95% range
ate_true          +14.65    2.10   0.148   [+11.04, +18.72]
ate_naive          +1.29    3.02   0.213   [ -4.43,  +6.72]
bias              -13.35    3.57   0.253   [-20.77,  -6.33]

sign reversal (naive < 0) in 75/200 = 38% of seeds
saved -> /Users/mwestover/GithubRepos/CICADAS/cicadas/multiseed/multiseed_matlab_results.csv
