seed   0  truth +18.89%  naive  +2.22%  bias -16.67pp  reversal=0
seed   1  truth +12.41%  naive  +2.51%  bias  -9.91pp  reversal=0
seed   2  truth +13.90%  naive  -6.90%  bias -20.80pp  reversal=1
seed   3  truth +16.67%  naive  -2.91%  bias -19.58pp  reversal=1
seed   4  truth +14.89%  naive  +0.49%  bias -14.41pp  reversal=0
seed   5  truth +13.02%  naive  -3.33%  bias -16.35pp  reversal=1
seed   6  truth +12.77%  naive  +5.97%  bias  -6.79pp  reversal=0
seed   7  truth +18.69%  naive  -4.51%  bias -23.20pp  reversal=1
seed   8  truth +12.45%  naive  -0.39%  bias -12.84pp  reversal=1
seed   9  truth +12.57%  naive  -2.08%  bias -14.65pp  reversal=1
seed  10  truth +15.63%  naive  +4.77%  bias -10.85pp  reversal=0
seed  11  truth +16.80%  naive  +2.66%  bias -14.14pp  reversal=0
seed  12  truth +18.16%  naive  +1.54%  bias -16.62pp  reversal=0
seed  13  truth +13.94%  naive  +3.35%  bias -10.59pp  reversal=0
seed  14  truth +12.59%  naive  +0.44%  bias -12.15pp  reversal=0
seed  15  truth +15.98%  naive  +6.96%  bias  -9.02pp  reversal=0
seed  16  truth +17.04%  naive  -3.75%  bias -20.79pp  reversal=1
seed  17  truth +11.58%  naive  -3.80%  bias -15.38pp  reversal=1
seed  18  truth +16.67%  naive  -5.67%  bias -22.34pp  reversal=1
seed  19  truth +13.57%  naive  +4.79%  bias  -8.78pp  reversal=0
seed  20  truth +14.20%  naive  +2.57%  bias -11.63pp  reversal=0
seed  21  truth +11.88%  naive  -0.18%  bias -12.06pp  reversal=1
seed  22  truth +17.97%  naive  +1.94%  bias -16.02pp  reversal=0
seed  23  truth +14.47%  naive  +2.76%  bias -11.71pp  reversal=0
seed  24  truth +16.15%  naive  -1.50%  bias -17.64pp  reversal=1
seed  25  truth +12.54%  naive  +1.70%  bias -10.84pp  reversal=0
seed  26  truth +14.04%  naive  +0.84%  bias -13.20pp  reversal=0
seed  27  truth +10.09%  naive  -2.01%  bias -12.10pp  reversal=1
seed  28  truth +12.56%  naive  -3.77%  bias -16.33pp  reversal=1
seed  29  truth +18.88%  naive  -2.01%  bias -20.90pp  reversal=1
seed  30  truth +11.13%  naive  -1.16%  bias -12.29pp  reversal=1
seed  31  truth +17.34%  naive  +3.37%  bias -13.97pp  reversal=0
seed  32  truth +14.43%  naive  +0.25%  bias -14.18pp  reversal=0
seed  33  truth +13.12%  naive  -2.01%  bias -15.13pp  reversal=1
seed  34  truth +16.99%  naive  +3.12%  bias -13.87pp  reversal=0
seed  35  truth +12.95%  naive  +5.11%  bias  -7.84pp  reversal=0
seed  36  truth +11.57%  naive  +2.70%  bias  -8.87pp  reversal=0
seed  37  truth +13.65%  naive  -2.26%  bias -15.90pp  reversal=1
seed  38  truth +15.90%  naive  -3.78%  bias -19.67pp  reversal=1
seed  39  truth  +9.80%  naive  +5.25%  bias  -4.55pp  reversal=0
seed  40  truth +15.93%  naive  +2.34%  bias -13.59pp  reversal=0
seed  41  truth +13.73%  naive  -1.68%  bias -15.41pp  reversal=1
seed  42  truth +12.32%  naive  -1.46%  bias -13.78pp  reversal=1
seed  43  truth +17.11%  naive  +1.92%  bias -15.20pp  reversal=0
seed  44  truth +13.65%  naive  +4.00%  bias  -9.64pp  reversal=0
seed  45  truth +15.20%  naive  +2.34%  bias -12.86pp  reversal=0
seed  46  truth +13.66%  naive  -1.54%  bias -15.21pp  reversal=1
seed  47  truth +14.05%  naive  +1.56%  bias -12.49pp  reversal=0
seed  48  truth +16.79%  naive  -3.06%  bias -19.85pp  reversal=1
seed  49  truth +13.52%  naive  -1.62%  bias -15.14pp  reversal=1
seed  50  truth +14.31%  naive  +1.14%  bias -13.17pp  reversal=0
seed  51  truth +12.83%  naive  +2.09%  bias -10.74pp  reversal=0
seed  52  truth +13.34%  naive  -2.11%  bias -15.46pp  reversal=1
seed  53  truth +15.91%  naive  -2.48%  bias -18.39pp  reversal=1
seed  54  truth +14.25%  naive  +2.25%  bias -12.00pp  reversal=0
seed  55  truth  +7.00%  naive  -2.98%  bias  -9.98pp  reversal=1
seed  56  truth +12.70%  naive  +3.00%  bias  -9.70pp  reversal=0
seed  57  truth +14.89%  naive  -6.35%  bias -21.24pp  reversal=1
seed  58  truth +11.73%  naive  +7.98%  bias  -3.74pp  reversal=0
seed  59  truth +13.54%  naive  +0.36%  bias -13.18pp  reversal=0
seed  60  truth +16.71%  naive  -3.11%  bias -19.82pp  reversal=1
seed  61  truth +17.70%  naive  -0.82%  bias -18.52pp  reversal=1
seed  62  truth +13.61%  naive  +3.90%  bias  -9.71pp  reversal=0
seed  63  truth +14.16%  naive  +1.83%  bias -12.33pp  reversal=0
seed  64  truth +15.64%  naive  +1.16%  bias -14.48pp  reversal=0
seed  65  truth +17.53%  naive  +0.08%  bias -17.45pp  reversal=0
seed  66  truth +15.42%  naive  +3.64%  bias -11.78pp  reversal=0
seed  67  truth +14.91%  naive  -3.36%  bias -18.27pp  reversal=1
seed  68  truth +14.91%  naive  +4.01%  bias -10.90pp  reversal=0
seed  69  truth +15.40%  naive  +4.39%  bias -11.01pp  reversal=0
seed  70  truth +14.30%  naive  -0.37%  bias -14.68pp  reversal=1
seed  71  truth +17.50%  naive  +3.33%  bias -14.17pp  reversal=0
seed  72  truth +16.20%  naive  +2.33%  bias -13.87pp  reversal=0
seed  73  truth +13.13%  naive  +1.55%  bias -11.58pp  reversal=0
seed  74  truth +13.60%  naive  +0.24%  bias -13.36pp  reversal=0
seed  75  truth +14.44%  naive  +2.49%  bias -11.95pp  reversal=0
seed  76  truth +12.65%  naive  -0.77%  bias -13.42pp  reversal=1
seed  77  truth +14.83%  naive  +0.22%  bias -14.61pp  reversal=0
seed  78  truth +11.95%  naive  +4.15%  bias  -7.80pp  reversal=0
seed  79  truth +11.25%  naive  -1.54%  bias -12.79pp  reversal=1
seed  80  truth +13.82%  naive  +4.30%  bias  -9.52pp  reversal=0
seed  81  truth +12.90%  naive  +0.51%  bias -12.39pp  reversal=0
seed  82  truth +14.19%  naive  +0.56%  bias -13.63pp  reversal=0
seed  83  truth +17.01%  naive  -5.74%  bias -22.75pp  reversal=1
seed  84  truth +13.39%  naive  -3.06%  bias -16.46pp  reversal=1
seed  85  truth +14.69%  naive  +7.90%  bias  -6.80pp  reversal=0
seed  86  truth +13.97%  naive  +0.85%  bias -13.13pp  reversal=0
seed  87  truth +12.94%  naive  +1.72%  bias -11.22pp  reversal=0
seed  88  truth +11.96%  naive  -0.63%  bias -12.60pp  reversal=1
seed  89  truth +14.43%  naive  +0.46%  bias -13.97pp  reversal=0
seed  90  truth +14.81%  naive  +5.16%  bias  -9.64pp  reversal=0
seed  91  truth +12.45%  naive  -1.89%  bias -14.34pp  reversal=1
seed  92  truth  +7.27%  naive  -1.54%  bias  -8.81pp  reversal=1
seed  93  truth +13.84%  naive  +2.51%  bias -11.33pp  reversal=0
seed  94  truth +11.62%  naive  +1.09%  bias -10.53pp  reversal=0
seed  95  truth +15.96%  naive  +0.02%  bias -15.94pp  reversal=0
seed  96  truth +15.16%  naive  +3.25%  bias -11.91pp  reversal=0
seed  97  truth +15.98%  naive  -5.08%  bias -21.06pp  reversal=1
seed  98  truth +15.14%  naive  -3.43%  bias -18.56pp  reversal=1
seed  99  truth +18.32%  naive  +3.88%  bias -14.44pp  reversal=0
seed 100  truth +17.01%  naive  -5.32%  bias -22.33pp  reversal=1
seed 101  truth +17.69%  naive  +0.94%  bias -16.75pp  reversal=0
seed 102  truth +16.08%  naive  +1.65%  bias -14.43pp  reversal=0
seed 103  truth +12.20%  naive  +1.36%  bias -10.83pp  reversal=0
seed 104  truth +14.08%  naive  +2.56%  bias -11.52pp  reversal=0
seed 105  truth +18.54%  naive  +1.78%  bias -16.76pp  reversal=0
seed 106  truth +18.72%  naive  +1.92%  bias -16.80pp  reversal=0
seed 107  truth +12.57%  naive  +2.13%  bias -10.44pp  reversal=0
seed 108  truth +14.31%  naive  -1.74%  bias -16.05pp  reversal=1
seed 109  truth +12.59%  naive  +1.35%  bias -11.23pp  reversal=0
seed 110  truth +13.84%  naive  +1.74%  bias -12.10pp  reversal=0
seed 111  truth +16.50%  naive  -1.55%  bias -18.05pp  reversal=1
seed 112  truth +13.35%  naive  -2.83%  bias -16.18pp  reversal=1
seed 113  truth +17.68%  naive  -0.01%  bias -17.69pp  reversal=1
seed 114  truth +14.98%  naive  -0.55%  bias -15.53pp  reversal=1
seed 115  truth +12.42%  naive  -1.09%  bias -13.51pp  reversal=1
seed 116  truth +14.20%  naive  -6.25%  bias -20.45pp  reversal=1
seed 117  truth +16.59%  naive  +2.47%  bias -14.12pp  reversal=0
seed 118  truth +14.04%  naive  -0.67%  bias -14.71pp  reversal=1
seed 119  truth +14.90%  naive  +2.83%  bias -12.07pp  reversal=0
seed 120  truth +11.62%  naive  -2.15%  bias -13.77pp  reversal=1
seed 121  truth +11.78%  naive  -0.18%  bias -11.96pp  reversal=1
seed 122  truth +13.76%  naive  -4.00%  bias -17.76pp  reversal=1
seed 123  truth +14.72%  naive  +1.13%  bias -13.59pp  reversal=0
seed 124  truth +12.98%  naive  +1.61%  bias -11.37pp  reversal=0
seed 125  truth +12.27%  naive  -0.58%  bias -12.85pp  reversal=1
seed 126  truth +15.78%  naive  +0.60%  bias -15.19pp  reversal=0
seed 127  truth +13.33%  naive  -4.06%  bias -17.40pp  reversal=1
seed 128  truth +12.65%  naive  -5.22%  bias -17.87pp  reversal=1
seed 129  truth +16.01%  naive  +1.83%  bias -14.18pp  reversal=0
seed 130  truth +11.49%  naive  -4.21%  bias -15.69pp  reversal=1
seed 131  truth +15.47%  naive  +0.98%  bias -14.49pp  reversal=0
seed 132  truth +16.67%  naive  +1.96%  bias -14.71pp  reversal=0
seed 133  truth +17.82%  naive  +1.67%  bias -16.15pp  reversal=0
seed 134  truth +12.66%  naive  +0.79%  bias -11.87pp  reversal=0
seed 135  truth +14.29%  naive  -5.50%  bias -19.79pp  reversal=1
seed 136  truth +13.70%  naive  -0.97%  bias -14.67pp  reversal=1
seed 137  truth +14.26%  naive  +7.42%  bias  -6.85pp  reversal=0
seed 138  truth +12.89%  naive  -2.43%  bias -15.33pp  reversal=1
seed 139  truth +15.80%  naive  -1.08%  bias -16.88pp  reversal=1
seed 140  truth +18.49%  naive  -3.60%  bias -22.10pp  reversal=1
seed 141  truth +14.33%  naive  +6.62%  bias  -7.72pp  reversal=0
seed 142  truth +13.15%  naive  -6.35%  bias -19.50pp  reversal=1
seed 143  truth +16.11%  naive  -0.24%  bias -16.35pp  reversal=1
seed 144  truth +15.24%  naive  +6.66%  bias  -8.58pp  reversal=0
seed 145  truth +13.68%  naive  -1.96%  bias -15.64pp  reversal=1
seed 146  truth +14.87%  naive  +6.65%  bias  -8.22pp  reversal=0
seed 147  truth +12.98%  naive  +1.97%  bias -11.02pp  reversal=0
seed 148  truth +17.71%  naive  -0.73%  bias -18.44pp  reversal=1
seed 149  truth  +9.18%  naive  +6.90%  bias  -2.27pp  reversal=0
seed 150  truth +13.50%  naive  +6.79%  bias  -6.71pp  reversal=0
seed 151  truth +15.09%  naive  -1.25%  bias -16.35pp  reversal=1
seed 152  truth +15.14%  naive  -2.25%  bias -17.39pp  reversal=1
seed 153  truth +15.66%  naive  +1.42%  bias -14.24pp  reversal=0
seed 154  truth +13.38%  naive  +1.43%  bias -11.95pp  reversal=0
seed 155  truth +16.54%  naive  +2.58%  bias -13.96pp  reversal=0
seed 156  truth +13.81%  naive  +3.82%  bias  -9.99pp  reversal=0
seed 157  truth +13.76%  naive  -1.18%  bias -14.94pp  reversal=1
seed 158  truth +11.06%  naive  +1.75%  bias  -9.32pp  reversal=0
seed 159  truth +15.58%  naive  -3.20%  bias -18.78pp  reversal=1
seed 160  truth +17.29%  naive  -4.11%  bias -21.39pp  reversal=1
seed 161  truth +11.10%  naive  +2.28%  bias  -8.82pp  reversal=0
seed 162  truth +11.58%  naive  +4.97%  bias  -6.61pp  reversal=0
seed 163  truth +12.54%  naive  -1.32%  bias -13.85pp  reversal=1
seed 164  truth +15.09%  naive  +1.02%  bias -14.07pp  reversal=0
seed 165  truth +14.41%  naive  +3.20%  bias -11.22pp  reversal=0
seed 166  truth +15.26%  naive  +2.07%  bias -13.19pp  reversal=0
seed 167  truth +17.21%  naive  -1.09%  bias -18.30pp  reversal=1
seed 168  truth +11.04%  naive  +1.16%  bias  -9.87pp  reversal=0
seed 169  truth +15.73%  naive  +1.45%  bias -14.27pp  reversal=0
seed 170  truth +16.27%  naive  +5.06%  bias -11.21pp  reversal=0
seed 171  truth +18.12%  naive  +1.65%  bias -16.47pp  reversal=0
seed 172  truth +15.54%  naive  +4.09%  bias -11.45pp  reversal=0
seed 173  truth +13.39%  naive  -3.13%  bias -16.51pp  reversal=1
seed 174  truth +15.80%  naive  +1.47%  bias -14.33pp  reversal=0
seed 175  truth +18.68%  naive  -1.17%  bias -19.84pp  reversal=1
seed 176  truth +14.96%  naive  +3.27%  bias -11.69pp  reversal=0
seed 177  truth +14.61%  naive  -0.46%  bias -15.06pp  reversal=1
seed 178  truth +21.54%  naive  -0.60%  bias -22.14pp  reversal=1
seed 179  truth +13.39%  naive  +2.02%  bias -11.36pp  reversal=0
seed 180  truth +15.59%  naive  -1.00%  bias -16.59pp  reversal=1
seed 181  truth +14.11%  naive  +3.86%  bias -10.25pp  reversal=0
seed 182  truth +11.29%  naive  +4.13%  bias  -7.16pp  reversal=0
seed 183  truth +15.07%  naive  +2.14%  bias -12.92pp  reversal=0
seed 184  truth +14.85%  naive  +8.34%  bias  -6.51pp  reversal=0
seed 185  truth +14.40%  naive  -0.12%  bias -14.52pp  reversal=1
seed 186  truth +12.77%  naive  -0.48%  bias -13.25pp  reversal=1
seed 187  truth +15.73%  naive  +2.77%  bias -12.96pp  reversal=0
seed 188  truth +11.46%  naive  +0.55%  bias -10.91pp  reversal=0
seed 189  truth +15.13%  naive  +0.29%  bias -14.84pp  reversal=0
seed 190  truth +17.78%  naive  +6.14%  bias -11.64pp  reversal=0
seed 191  truth +13.06%  naive  +5.53%  bias  -7.53pp  reversal=0
seed 192  truth +19.24%  naive  +0.35%  bias -18.89pp  reversal=0
seed 193  truth +13.32%  naive  -0.76%  bias -14.08pp  reversal=1
seed 194  truth +17.53%  naive  +5.19%  bias -12.34pp  reversal=0
seed 195  truth  +9.43%  naive  +7.56%  bias  -1.87pp  reversal=0
seed 196  truth +14.54%  naive  +3.63%  bias -10.91pp  reversal=0
seed 197  truth +15.61%  naive  +1.76%  bias -13.84pp  reversal=0
seed 198  truth +18.70%  naive  -2.25%  bias -20.95pp  reversal=1
seed 199  truth +14.80%  naive  +4.32%  bias -10.48pp  reversal=0

==============================================================================
PYTHON PIPELINE — 200 seeds, N=2000 per arm-cohort
==============================================================================
quantity            mean      SD    MCSE   95% range
ate_true         +14.50    2.25   0.159  [+10.08, +18.70]
ate_naive         +0.71    3.20   0.226  [ -5.67,  +6.97]
bias             -13.79    3.98   0.282  [-22.10,  -6.61]

sign reversal (naive < 0) in 81/200 = 40% of seeds
saved -> /Users/mwestover/GithubRepos/CICADAS/cicadas/multiseed/multiseed_py_results.csv
